// Jest Snapshot v1, https://goo.gl/fbAQLP

exports[`should render expense dashboard component 1`] = `
<div>
  <Connect(ExpensesSummary) />
  <Connect(ExpensesListFilters) />
  <Connect(ExpenseList) />
</div>
`;
